Package: flim
Fetcher: github
Source:  https://github.com/wanderlust/flim

Cloning https://github.com/wanderlust/flim to /home/runner/work/packages/packages/working/flim/
Checking out 392c29de0acdd5d309023c9f15df49eeb063a2fa
Copying files (->) and directories (=>)
  from /home/runner/work/packages/packages/working/flim/
  to /tmp/flimtw6woD/flim-20251030.1318
    mime-en.texi -> mime-en.texi
    mime-ja.texi -> mime-ja.texi
    sasl.texi -> sasl.texi
    eword-decode.el -> eword-decode.el
    eword-encode.el -> eword-encode.el
    flim-pkg.el -> flim-pkg.el
    hmac-sha1.el -> hmac-sha1.el
    luna.el -> luna.el
    lunit.el -> lunit.el
    md5.el -> md5.el
    mel-g.el -> mel-g.el
    mel-q-ccl.el -> mel-q-ccl.el
    mel-q.el -> mel-q.el
    mel-u.el -> mel-u.el
    mel.el -> mel.el
    mime-conf.el -> mime-conf.el
    mime-def.el -> mime-def.el
    mime-parse.el -> mime-parse.el
    mime.el -> mime.el
    mmbuffer.el -> mmbuffer.el
    mmcooked.el -> mmcooked.el
    mmexternal.el -> mmexternal.el
    mmgeneric.el -> mmgeneric.el
    qmtp.el -> qmtp.el
    sasl-scram.el -> sasl-scram.el
    sasl-xoauth2.el -> sasl-xoauth2.el
    sasl.el -> sasl.el
    sha1.el -> sha1.el
    smtp.el -> smtp.el
    std11.el -> std11.el
Generating mime-en.info
Generating mime-ja.info
Generating sasl.info
Created flim-20251030.1318.tar containing:
  flim-20251030.1318/
  flim-20251030.1318/dir
  flim-20251030.1318/eword-decode.el
  flim-20251030.1318/eword-encode.el
  flim-20251030.1318/flim-pkg.el
  flim-20251030.1318/hmac-sha1.el
  flim-20251030.1318/luna.el
  flim-20251030.1318/lunit.el
  flim-20251030.1318/md5.el
  flim-20251030.1318/mel-g.el
  flim-20251030.1318/mel-q-ccl.el
  flim-20251030.1318/mel-q.el
  flim-20251030.1318/mel-u.el
  flim-20251030.1318/mel.el
  flim-20251030.1318/mime-conf.el
  flim-20251030.1318/mime-def.el
  flim-20251030.1318/mime-en.info
  flim-20251030.1318/mime-ja.info
  flim-20251030.1318/mime-parse.el
  flim-20251030.1318/mime.el
  flim-20251030.1318/mmbuffer.el
  flim-20251030.1318/mmcooked.el
  flim-20251030.1318/mmexternal.el
  flim-20251030.1318/mmgeneric.el
  flim-20251030.1318/qmtp.el
  flim-20251030.1318/sasl-scram.el
  flim-20251030.1318/sasl-xoauth2.el
  flim-20251030.1318/sasl.el
  flim-20251030.1318/sasl.info
  flim-20251030.1318/sha1.el
  flim-20251030.1318/smtp.el
  flim-20251030.1318/std11.el
 ✓ Success:
  2026-08-03T00:16:48+0000  flim-20251030.1318.entry
  2026-08-03T00:16:48+0000  flim-20251030.1318.tar
Built flim in 2.648s, finished at 2026-08-03T00:16:48+0000
