Package: mu-cite
Fetcher: github
Source:  https://github.com/cvs-m17n-org/MU-CITE

Cloning https://github.com/cvs-m17n-org/MU-CITE to /home/runner/work/packages/packages/working/mu-cite/
Checking out 01345683477c6802f437a63ae2df3d8df1665f6d
Copying files (->) and directories (=>)
  from /home/runner/work/packages/packages/working/mu-cite/
  to /tmp/mu-citeIyxFbU/mu-cite-20260309.2341
    latex-math-symbol.el -> latex-math-symbol.el
    mu-cite.el -> mu-cite.el
    mu-register.el -> mu-register.el
Created mu-cite-20260309.2341.tar containing:
  mu-cite-20260309.2341/
  mu-cite-20260309.2341/latex-math-symbol.el
  mu-cite-20260309.2341/mu-cite-pkg.el
  mu-cite-20260309.2341/mu-cite.el
  mu-cite-20260309.2341/mu-register.el
 ✓ Success:
  2026-08-03T00:16:15+0000  mu-cite-20240805.101.entry
  2026-08-03T00:16:15+0000  mu-cite-20240805.101.tar
  2026-08-03T00:16:46+0000  mu-cite-20260309.2341.entry
  2026-08-03T00:16:46+0000  mu-cite-20260309.2341.tar
Built mu-cite in 0.472s, finished at 2026-08-03T00:16:46+0000
